{"timestamp": "2026-06-22T02:08:25.875496", "level": "INFO", "module": "logger", "function": "_log_with_context", "line": 114, "message": "解析 CSV 文件: samples/archives.csv, 共 10 条记录", "operation_type": "parse_csv", "object": "samples/archives.csv"}
{"timestamp": "2026-06-22T02:10:13.545000", "level": "INFO", "module": "logger", "function": "_log_with_context", "line": 114, "message": "解析 CSV 文件: samples/archives.csv, 共 10 条记录", "operation_type": "parse_csv", "object": "samples/archives.csv"}
{"timestamp": "2026-06-22T02:10:13.552191", "level": "INFO", "module": "logger", "function": "_log_with_context", "line": 114, "message": "Archive validation PASSED: DA-01-001-0001", "operation_type": "validation", "object": "DA-01-001-0001"}
{"timestamp": "2026-06-22T02:10:13.552344", "level": "INFO", "module": "logger", "function": "_log_with_context", "line": 114, "message": "Archive validation PASSED: DA-01-001-0002", "operation_type": "validation", "object": "DA-01-001-0002"}
{"timestamp": "2026-06-22T02:10:13.552421", "level": "INFO", "module": "logger", "function": "_log_with_context", "line": 114, "message": "Archive validation PASSED: DA-01-001-0003", "operation_type": "validation", "object": "DA-01-001-0003"}
{"timestamp": "2026-06-22T02:10:13.552481", "level": "INFO", "module": "logger", "function": "_log_with_context", "line": 114, "message": "Archive validation PASSED: DA-01-001-0004", "operation_type": "validation", "object": "DA-01-001-0004"}
{"timestamp": "2026-06-22T02:10:13.552538", "level": "INFO", "module": "logger", "function": "_log_with_context", "line": 114, "message": "Archive validation PASSED: DA-01-001-0005", "operation_type": "validation", "object": "DA-01-001-0005"}
{"timestamp": "2026-06-22T02:10:13.552585", "level": "INFO", "module": "logger", "function": "_log_with_context", "line": 114, "message": "Archive validation PASSED: DA-01-001-0006", "operation_type": "validation", "object": "DA-01-001-0006"}
{"timestamp": "2026-06-22T02:10:13.552640", "level": "INFO", "module": "logger", "function": "_log_with_context", "line": 114, "message": "Archive validation FAILED: DA-01-001-0007", "operation_type": "validation", "object": "DA-01-001-0007"}
{"timestamp": "2026-06-22T02:10:13.552692", "level": "INFO", "module": "logger", "function": "_log_with_context", "line": 114, "message": "Archive validation PASSED: DA-01-001-0008", "operation_type": "validation", "object": "DA-01-001-0008"}
{"timestamp": "2026-06-22T02:10:13.552740", "level": "INFO", "module": "logger", "function": "_log_with_context", "line": 114, "message": "Archive validation PASSED: DA-01-001-0009", "operation_type": "validation", "object": "DA-01-001-0009"}
{"timestamp": "2026-06-22T02:10:13.552789", "level": "INFO", "module": "logger", "function": "_log_with_context", "line": 114, "message": "Archive validation PASSED: DA-01-001-0010", "operation_type": "validation", "object": "DA-01-001-0010"}
{"timestamp": "2026-06-22T02:10:23.877547", "level": "INFO", "module": "logger", "function": "_log_with_context", "line": 114, "message": "解析 CSV 文件: samples/archives.csv, 共 10 条记录", "operation_type": "parse_csv", "object": "samples/archives.csv"}
{"timestamp": "2026-06-22T02:10:23.878056", "level": "INFO", "module": "logger", "function": "_log_with_context", "line": 114, "message": "解析 CSV 文件: samples/archives.csv, 共 10 条记录", "operation_type": "parse_csv", "object": "samples/archives.csv"}
{"timestamp": "2026-06-22T02:10:23.879496", "level": "INFO", "module": "logger", "function": "_log_with_context", "line": 114, "message": "生成 DA/T 46-2009 XML 文件: test_output/转换结果.xml, 共 10 条记录", "operation_type": "generate_xml", "object": "test_output/转换结果.xml"}
{"timestamp": "2026-06-22T02:10:40.038058", "level": "INFO", "module": "logger", "function": "_log_with_context", "line": 114, "message": "图像质检: test_images/test_300dpi.jpg, 结果: warning", "operation_type": "scan_image", "object": "test_images/test_300dpi.jpg"}
{"timestamp": "2026-06-22T02:10:40.147289", "level": "INFO", "module": "logger", "function": "_log_with_context", "line": 114, "message": "图像质检: test_images/test_blank.jpg, 结果: warning", "operation_type": "scan_image", "object": "test_images/test_blank.jpg"}
{"timestamp": "2026-06-22T02:10:40.253911", "level": "INFO", "module": "logger", "function": "_log_with_context", "line": 114, "message": "图像质检: test_images/test_grayscale.tiff, 结果: warning", "operation_type": "scan_image", "object": "test_images/test_grayscale.tiff"}
{"timestamp": "2026-06-22T02:10:40.266112", "level": "INFO", "module": "logger", "function": "_log_with_context", "line": 114, "message": "图像质检: test_images/test_low_dpi.jpg, 结果: fail", "operation_type": "scan_image", "object": "test_images/test_low_dpi.jpg"}
{"timestamp": "2026-06-22T02:10:40.266282", "level": "INFO", "module": "logger", "function": "_log_with_context", "line": 114, "message": "扫描目录完成: test_images, 共 4 页", "operation_type": "scan_directory", "object": "test_images"}
{"timestamp": "2026-06-22T02:10:40.279443", "level": "INFO", "module": "logger", "function": "_log_with_context", "line": 114, "message": "生成质检报告: test_output/质检报告.xlsx", "operation_type": "generate_quality_report", "object": "test_output/质检报告.xlsx"}
{"timestamp": "2026-06-22T02:10:56.819285", "level": "INFO", "module": "logger", "function": "_log_with_context", "line": 114, "message": "解析 CSV 文件: samples/archives.csv, 共 10 条记录", "operation_type": "parse_csv", "object": "samples/archives.csv"}
{"timestamp": "2026-06-22T02:10:56.833845", "level": "INFO", "module": "logger", "function": "_log_with_context", "line": 114, "message": "生成移交清单: test_output/移交清单_test.xlsx, 共 10 件档案", "operation_type": "generate_transfer_list", "object": "test_output/移交清单_test.xlsx"}
{"timestamp": "2026-06-22T02:10:56.859758", "level": "INFO", "module": "logger", "function": "_log_with_context", "line": 114, "message": "生成接收回执: test_output/接收回执_test.pdf", "operation_type": "generate_receipt", "object": "test_output/接收回执_test.pdf"}
{"timestamp": "2026-06-22T02:11:03.492460", "level": "INFO", "module": "logger", "function": "_log_with_context", "line": 114, "message": "解析 CSV 文件: samples/archives.csv, 共 10 条记录", "operation_type": "parse_csv", "object": "samples/archives.csv"}
{"timestamp": "2026-06-22T02:11:03.493002", "level": "INFO", "module": "logger", "function": "_log_with_context", "line": 114, "message": "档号编制完成: 共 10 件档案", "operation_type": "rename_archives"}
{"timestamp": "2026-06-22T02:11:03.501375", "level": "INFO", "module": "logger", "function": "_log_with_context", "line": 114, "message": "生成 Excel 文件: test_output/renamed/档案清单_已重命名.xlsx, 共 10 条记录", "operation_type": "generate_excel", "object": "test_output/renamed/档案清单_已重命名.xlsx"}
{"timestamp": "2026-06-22T02:28:33.152239", "level": "INFO", "module": "logger", "function": "_log_with_context", "line": 114, "message": "解析 CSV 文件: samples/archives.csv, 共 10 条记录", "operation_type": "parse_csv", "object": "samples/archives.csv"}
{"timestamp": "2026-06-22T02:28:33.187142", "level": "INFO", "module": "logger", "function": "_log_with_context", "line": 114, "message": "Archive validation PASSED: DA-01-001-0001", "operation_type": "validation", "object": "DA-01-001-0001"}
{"timestamp": "2026-06-22T02:28:33.187260", "level": "INFO", "module": "logger", "function": "_log_with_context", "line": 114, "message": "Archive validation PASSED: DA-01-001-0002", "operation_type": "validation", "object": "DA-01-001-0002"}
{"timestamp": "2026-06-22T02:28:33.187319", "level": "INFO", "module": "logger", "function": "_log_with_context", "line": 114, "message": "Archive validation PASSED: DA-01-001-0003", "operation_type": "validation", "object": "DA-01-001-0003"}
{"timestamp": "2026-06-22T02:28:33.187373", "level": "INFO", "module": "logger", "function": "_log_with_context", "line": 114, "message": "Archive validation PASSED: DA-01-001-0004", "operation_type": "validation", "object": "DA-01-001-0004"}
{"timestamp": "2026-06-22T02:28:33.187431", "level": "INFO", "module": "logger", "function": "_log_with_context", "line": 114, "message": "Archive validation PASSED: DA-01-001-0005", "operation_type": "validation", "object": "DA-01-001-0005"}
{"timestamp": "2026-06-22T02:28:33.187467", "level": "INFO", "module": "logger", "function": "_log_with_context", "line": 114, "message": "Archive validation PASSED: DA-01-001-0006", "operation_type": "validation", "object": "DA-01-001-0006"}
{"timestamp": "2026-06-22T02:28:33.187512", "level": "INFO", "module": "logger", "function": "_log_with_context", "line": 114, "message": "Archive validation FAILED: DA-01-001-0007", "operation_type": "validation", "object": "DA-01-001-0007"}
{"timestamp": "2026-06-22T02:28:33.187555", "level": "INFO", "module": "logger", "function": "_log_with_context", "line": 114, "message": "Archive validation PASSED: DA-01-001-0008", "operation_type": "validation", "object": "DA-01-001-0008"}
{"timestamp": "2026-06-22T02:28:33.187594", "level": "INFO", "module": "logger", "function": "_log_with_context", "line": 114, "message": "Archive validation PASSED: DA-01-001-0009", "operation_type": "validation", "object": "DA-01-001-0009"}
{"timestamp": "2026-06-22T02:28:33.187632", "level": "INFO", "module": "logger", "function": "_log_with_context", "line": 114, "message": "Archive validation PASSED: DA-01-001-0010", "operation_type": "validation", "object": "DA-01-001-0010"}
