[2026-06-21 04:20:47] [SUCCESS] 配置加载完成，共 8 家银行
[2026-06-21 04:20:47] [SUCCESS] 启动核对任务 运行ID=RUN-1781986847039 月份=2026-05 银行数=8 模拟=true
[2026-06-21 04:20:47] [SUCCESS] SQLite 已就绪: /Users/paul/WorkSpace/TestSoloCoder/2fe6ad6e-ec55-4fa5-8a11-6d5a56472b1e/data/repayments.db
[2026-06-21 04:20:47] [ERROR] 致命错误: TypeError: tag.replace is not a function
    at write (/Users/paul/WorkSpace/TestSoloCoder/2fe6ad6e-ec55-4fa5-8a11-6d5a56472b1e/src/utils/logger.js:63:21)
    at Object.success (/Users/paul/WorkSpace/TestSoloCoder/2fe6ad6e-ec55-4fa5-8a11-6d5a56472b1e/src/utils/logger.js:83:23)
    at Object.seedPlans (/Users/paul/WorkSpace/TestSoloCoder/2fe6ad6e-ec55-4fa5-8a11-6d5a56472b1e/src/mock/generator.js:82:7)
    at async main (/Users/paul/WorkSpace/TestSoloCoder/2fe6ad6e-ec55-4fa5-8a11-6d5a56472b1e/src/main.js:267:5)
[2026-06-21 04:21:06] [SUCCESS] 配置加载完成，共 8 家银行
[2026-06-21 04:21:06] [SUCCESS] SQLite 已就绪: /Users/paul/WorkSpace/TestSoloCoder/2fe6ad6e-ec55-4fa5-8a11-6d5a56472b1e/data/repayments.db
[2026-06-21 04:21:16] [SUCCESS] 配置加载完成，共 8 家银行
[2026-06-21 04:21:16] [SUCCESS] SQLite 已就绪: /Users/paul/WorkSpace/TestSoloCoder/2fe6ad6e-ec55-4fa5-8a11-6d5a56472b1e/data/repayments.db
[2026-06-21 04:22:23] [SUCCESS] 配置加载完成，共 8 家银行
[2026-06-21 04:22:23] [SUCCESS] 启动核对任务 运行ID=RUN-1781986943229 月份=2026-05 银行数=8 模拟=true
[2026-06-21 04:22:23] [SUCCESS] SQLite 已就绪: /Users/paul/WorkSpace/TestSoloCoder/2fe6ad6e-ec55-4fa5-8a11-6d5a56472b1e/data/repayments.db
[2026-06-21 04:22:23] [INFO] 模拟模式：已生成样本应还计划
[2026-06-21 04:22:23] [ERROR] 月度报告生成失败: tag.replace is not a function
[2026-06-21 04:22:23] [SUCCESS] 全部完成，总耗时 0.2s
[2026-06-21 04:24:39] [SUCCESS] 配置加载完成，共 8 家银行
[2026-06-21 04:24:39] [SUCCESS] 启动核对任务 运行ID=RUN-1781987079530 月份=2026-05 银行数=8 模拟=true
[2026-06-21 04:24:39] [SUCCESS] SQLite 已就绪: /Users/paul/WorkSpace/TestSoloCoder/2fe6ad6e-ec55-4fa5-8a11-6d5a56472b1e/data/repayments.db
[2026-06-21 04:24:39] [INFO] 模拟模式：已生成样本应还计划
[2026-06-21 04:24:39] [SUCCESS] 月度报告已生成/发送: /Users/paul/WorkSpace/TestSoloCoder/2fe6ad6e-ec55-4fa5-8a11-6d5a56472b1e/reports/还款核对报告_2026-05.xlsx
[2026-06-21 04:24:39] [SUCCESS] 全部完成，总耗时 0.2s
[2026-06-21 04:26:27] [SUCCESS] 配置加载完成，共 8 家银行
[2026-06-21 04:26:27] [SUCCESS] 启动核对任务 运行ID=RUN-1781987187623 月份=2026-05 银行数=8 模拟=true
[2026-06-21 04:26:27] [SUCCESS] SQLite 已就绪: /Users/paul/WorkSpace/TestSoloCoder/2fe6ad6e-ec55-4fa5-8a11-6d5a56472b1e/data/repayments.db
[2026-06-21 04:26:27] [INFO] 模拟模式：已生成样本应还计划
[2026-06-21 04:26:27] [SUCCESS] 月度报告已生成/发送: /Users/paul/WorkSpace/TestSoloCoder/2fe6ad6e-ec55-4fa5-8a11-6d5a56472b1e/reports/还款核对报告_2026-05.xlsx
[2026-06-21 04:26:27] [SUCCESS] 全部完成，总耗时 0.3s
[2026-06-21 04:27:33] [SUCCESS] 配置加载完成，共 8 家银行
[2026-06-21 04:28:13] [SUCCESS] 配置加载完成，共 8 家银行
[2026-06-21 04:28:13] [SUCCESS] 启动核对任务 运行ID=RUN-1781987293471 月份=2026-05 银行数=8 模拟=true
[2026-06-21 04:28:13] [SUCCESS] SQLite 已就绪: /Users/paul/WorkSpace/TestSoloCoder/2fe6ad6e-ec55-4fa5-8a11-6d5a56472b1e/data/repayments.db
[2026-06-21 04:28:13] [INFO] 模拟模式：已生成样本应还计划
[2026-06-21 04:28:13] [SUCCESS] 月度报告已生成/发送: /Users/paul/WorkSpace/TestSoloCoder/2fe6ad6e-ec55-4fa5-8a11-6d5a56472b1e/reports/还款核对报告_2026-05.xlsx
[2026-06-21 04:28:13] [SUCCESS] 全部完成，总耗时 0.2s
[2026-06-21 04:28:26] [SUCCESS] 配置加载完成，共 8 家银行
[2026-06-21 04:28:26] [SUCCESS] SQLite 已就绪: /Users/paul/WorkSpace/TestSoloCoder/2fe6ad6e-ec55-4fa5-8a11-6d5a56472b1e/data/repayments.db
[2026-06-21 04:28:39] [SUCCESS] 配置加载完成，共 8 家银行
[2026-06-21 04:28:39] [SUCCESS] SQLite 已就绪: /Users/paul/WorkSpace/TestSoloCoder/2fe6ad6e-ec55-4fa5-8a11-6d5a56472b1e/data/repayments.db
[2026-06-21 04:30:29] [SUCCESS] 配置加载完成，共 8 家银行
[2026-06-21 04:30:29] [SUCCESS] 启动核对任务 运行ID=RUN-1781987429289 月份=2026-05 银行数=8 模拟=true
[2026-06-21 04:30:29] [SUCCESS] SQLite 已就绪: /Users/paul/WorkSpace/TestSoloCoder/2fe6ad6e-ec55-4fa5-8a11-6d5a56472b1e/data/repayments.db
[2026-06-21 04:30:29] [INFO] 模拟模式：已生成样本应还计划
[2026-06-21 04:30:29] [SUCCESS] 月度报告已生成/发送: /Users/paul/WorkSpace/TestSoloCoder/2fe6ad6e-ec55-4fa5-8a11-6d5a56472b1e/reports/还款核对报告_2026-05.xlsx
[2026-06-21 04:30:29] [SUCCESS] 全部完成，总耗时 0.3s
[2026-06-21 04:31:11] [SUCCESS] 配置加载完成，共 8 家银行
[2026-06-21 04:31:11] [SUCCESS] 启动核对任务 运行ID=RUN-1781987471754 月份=2026-05 银行数=1 模拟=true
[2026-06-21 04:31:11] [SUCCESS] SQLite 已就绪: /Users/paul/WorkSpace/TestSoloCoder/2fe6ad6e-ec55-4fa5-8a11-6d5a56472b1e/data/repayments.db
[2026-06-21 04:31:11] [INFO] 模拟模式：已生成样本应还计划
[2026-06-21 04:31:11] [SUCCESS] 月度报告已生成/发送: /Users/paul/WorkSpace/TestSoloCoder/2fe6ad6e-ec55-4fa5-8a11-6d5a56472b1e/reports/还款核对报告_2026-05.xlsx
[2026-06-21 04:31:11] [SUCCESS] 全部完成，总耗时 0.2s
[2026-06-21 04:33:53] [SUCCESS] 配置加载完成，共 8 家银行
[2026-06-21 04:33:53] [SUCCESS] 启动核对任务 运行ID=RUN-1781987633083 月份=2026-05 银行数=8 模拟=true
[2026-06-21 04:33:53] [SUCCESS] SQLite 已就绪: /Users/paul/WorkSpace/TestSoloCoder/2fe6ad6e-ec55-4fa5-8a11-6d5a56472b1e/data/repayments.db
[2026-06-21 04:33:53] [INFO] 模拟模式：已生成样本应还计划
[2026-06-21 04:33:53] [SUCCESS] 月度报告已生成/发送: /Users/paul/WorkSpace/TestSoloCoder/2fe6ad6e-ec55-4fa5-8a11-6d5a56472b1e/reports/还款核对报告_2026-05.xlsx
[2026-06-21 04:33:53] [SUCCESS] 全部完成，总耗时 0.2s
[2026-06-21 04:37:06] [SUCCESS] 配置加载完成，共 8 家银行
[2026-06-21 04:37:40] [SUCCESS] 配置加载完成，共 8 家银行
[2026-06-21 04:37:40] [SUCCESS] SQLite 已就绪: /Users/paul/WorkSpace/TestSoloCoder/2fe6ad6e-ec55-4fa5-8a11-6d5a56472b1e/data/repayments.db
[2026-06-21 04:41:04] [SUCCESS] 配置加载完成，共 8 家银行
[2026-06-21 04:41:04] [SUCCESS] SQLite 已就绪: /Users/paul/WorkSpace/TestSoloCoder/2fe6ad6e-ec55-4fa5-8a11-6d5a56472b1e/data/repayments.db
[2026-06-21 04:44:30] [SUCCESS] 配置加载完成，共 8 家银行
[2026-06-21 04:44:30] [SUCCESS] SQLite 已就绪: /Users/paul/WorkSpace/TestSoloCoder/2fe6ad6e-ec55-4fa5-8a11-6d5a56472b1e/data/repayments.db
[2026-06-21 04:46:49] [SUCCESS] 配置加载完成，共 8 家银行
[2026-06-21 04:47:14] [SUCCESS] 配置加载完成，共 8 家银行
