[2026-06-21 04:24:39] [INFO] ICBC 标准化完成: 0 条，跳过 6 条
[2026-06-21 04:24:39] [INFO] ABC 标准化完成: 0 条，跳过 30 条
[2026-06-21 04:24:39] [INFO] BOC 标准化完成: 8 条，跳过 0 条
[2026-06-21 04:24:39] [INFO] CCB 标准化完成: 0 条，跳过 7 条
[2026-06-21 04:24:39] [INFO] COMM 标准化完成: 0 条，跳过 30 条
[2026-06-21 04:24:39] [INFO] CMB 标准化完成: 0 条，跳过 6 条
[2026-06-21 04:24:39] [INFO] SPDB 标准化完成: 0 条，跳过 30 条
[2026-06-21 04:24:39] [INFO] CMBC 标准化完成: 8 条，跳过 0 条
[2026-06-21 04:26:27] [INFO] ICBC 标准化完成: 8 条，跳过 0 条
[2026-06-21 04:26:27] [INFO] ABC 标准化完成: 0 条，跳过 30 条
[2026-06-21 04:26:27] [INFO] BOC 标准化完成: 8 条，跳过 0 条
[2026-06-21 04:26:27] [INFO] CCB 标准化完成: 8 条，跳过 0 条
[2026-06-21 04:26:27] [INFO] COMM 标准化完成: 0 条，跳过 30 条
[2026-06-21 04:26:27] [INFO] CMB 标准化完成: 8 条，跳过 0 条
[2026-06-21 04:26:27] [INFO] SPDB 标准化完成: 0 条，跳过 30 条
[2026-06-21 04:26:27] [INFO] CMBC 标准化完成: 8 条，跳过 0 条
[2026-06-21 04:28:13] [INFO] ICBC 标准化完成: 8 条，跳过 0 条
[2026-06-21 04:28:13] [INFO] ABC 标准化完成: 8 条，跳过 0 条
[2026-06-21 04:28:13] [INFO] BOC 标准化完成: 8 条，跳过 0 条
[2026-06-21 04:28:13] [INFO] CCB 标准化完成: 8 条，跳过 0 条
[2026-06-21 04:28:13] [INFO] COMM 标准化完成: 8 条，跳过 0 条
[2026-06-21 04:28:13] [INFO] CMB 标准化完成: 8 条，跳过 0 条
[2026-06-21 04:28:13] [INFO] SPDB 标准化完成: 8 条，跳过 0 条
[2026-06-21 04:28:13] [INFO] CMBC 标准化完成: 8 条，跳过 0 条
[2026-06-21 04:30:29] [INFO] ICBC 标准化完成: 8 条，跳过 0 条
[2026-06-21 04:30:29] [INFO] ABC 标准化完成: 8 条，跳过 0 条
[2026-06-21 04:30:29] [INFO] BOC 标准化完成: 8 条，跳过 0 条
[2026-06-21 04:30:29] [INFO] CCB 标准化完成: 8 条，跳过 0 条
[2026-06-21 04:30:29] [INFO] COMM 标准化完成: 8 条，跳过 0 条
[2026-06-21 04:30:29] [INFO] CMB 标准化完成: 8 条，跳过 0 条
[2026-06-21 04:30:29] [INFO] SPDB 标准化完成: 8 条，跳过 0 条
[2026-06-21 04:30:29] [INFO] CMBC 标准化完成: 8 条，跳过 0 条
[2026-06-21 04:31:11] [INFO] ICBC 标准化完成: 8 条，跳过 0 条
[2026-06-21 04:33:53] [INFO] ICBC 标准化完成: 8 条，跳过 0 条
[2026-06-21 04:33:53] [INFO] ABC 标准化完成: 8 条，跳过 0 条
[2026-06-21 04:33:53] [INFO] BOC 标准化完成: 8 条，跳过 0 条
[2026-06-21 04:33:53] [INFO] CCB 标准化完成: 8 条，跳过 0 条
[2026-06-21 04:33:53] [INFO] COMM 标准化完成: 8 条，跳过 0 条
[2026-06-21 04:33:53] [INFO] CMB 标准化完成: 8 条，跳过 0 条
[2026-06-21 04:33:53] [INFO] SPDB 标准化完成: 8 条，跳过 0 条
[2026-06-21 04:33:53] [INFO] CMBC 标准化完成: 8 条，跳过 0 条
