2026-06-20 09:53:23 - policy_crawler - INFO - Database tables initialized successfully
2026-06-20 09:53:23 - policy_crawler - INFO - Database tables initialized successfully
2026-06-20 09:53:23 - policy_crawler - INFO - Database re-initialized
2026-06-20 09:54:12 - policy_crawler - INFO - Database tables initialized successfully
2026-06-20 09:54:12 - policy_crawler - INFO - Database tables initialized successfully
2026-06-20 09:54:12 - policy_crawler - INFO - Database re-initialized
2026-06-20 09:54:13 - policy_crawler - INFO - Loaded 14 policy titles for relation matching
2026-06-20 09:54:13 - policy_crawler - INFO - Found 4 references in: 关于做好困难退役军人帮扶援助工作的实施意见...
2026-06-20 09:54:13 - policy_crawler - INFO - Found 5 references in: 关于做好烈士纪念日纪念活动的通知...
2026-06-20 09:54:13 - policy_crawler - INFO - Found 5 references in: 伤残抚恤优待办事指南...
2026-06-20 09:54:13 - policy_crawler - INFO - Found 5 references in: 优抚对象住房保障办法...
2026-06-20 09:54:13 - policy_crawler - INFO - Found 7 references in: 退役士兵安置条例...
2026-06-20 09:54:13 - policy_crawler - INFO - Found 6 references in: 《军人抚恤优待条例》政策解读...
2026-06-20 09:54:13 - policy_crawler - INFO - Found 6 references in: 关于促进新时代退役军人就业创业工作的实施意见...
2026-06-20 09:54:13 - policy_crawler - INFO - Found 6 references in: 优抚对象医疗保障实施细则...
2026-06-20 09:54:13 - policy_crawler - INFO - Found 4 references in: 关于调整部分优抚对象等人员抚恤和生活补助标准的通知...
2026-06-20 09:54:13 - policy_crawler - INFO - Found 10 references in: 关于印发《伤残抚恤管理办法》的通知...
2026-06-20 09:54:15 - policy_crawler - INFO - Database tables initialized successfully
2026-06-20 09:54:32 - policy_crawler - INFO - Database tables initialized successfully
2026-06-20 09:54:32 - policy_crawler - INFO - Database tables initialized successfully
2026-06-20 09:54:32 - policy_crawler - INFO - Database re-initialized
2026-06-20 09:54:36 - policy_crawler - INFO - Created custom jieba dictionary at /Users/paul/WorkSpace/TestSoloCoder/e2975d73-1f46-43cf-bfde-d67e97fc3a99/data/custom_dict.txt
2026-06-20 09:54:36 - policy_crawler - INFO - Jieba initialized with policy keywords
2026-06-20 09:54:36 - policy_crawler - INFO - Classified: [伤残抚恤/法律] 关于印发《伤残抚恤管理办法》的通知... (confidence: 0.52)
2026-06-20 09:54:36 - policy_crawler - INFO - Loaded 14 policy titles for relation matching
2026-06-20 09:54:36 - policy_crawler - INFO - Found 4 references in: 关于做好困难退役军人帮扶援助工作的实施意见...
2026-06-20 09:54:36 - policy_crawler - INFO - Found 5 references in: 关于做好烈士纪念日纪念活动的通知...
2026-06-20 09:54:36 - policy_crawler - INFO - Found 5 references in: 伤残抚恤优待办事指南...
2026-06-20 09:54:36 - policy_crawler - INFO - Found 5 references in: 优抚对象住房保障办法...
2026-06-20 09:54:36 - policy_crawler - INFO - Found 7 references in: 退役士兵安置条例...
2026-06-20 09:54:36 - policy_crawler - INFO - Found 6 references in: 《军人抚恤优待条例》政策解读...
2026-06-20 09:54:36 - policy_crawler - INFO - Found 6 references in: 关于促进新时代退役军人就业创业工作的实施意见...
2026-06-20 09:54:36 - policy_crawler - INFO - Found 6 references in: 优抚对象医疗保障实施细则...
2026-06-20 09:54:36 - policy_crawler - INFO - Found 4 references in: 关于调整部分优抚对象等人员抚恤和生活补助标准的通知...
2026-06-20 09:54:36 - policy_crawler - INFO - Found 10 references in: 关于印发《伤残抚恤管理办法》的通知...
2026-06-20 09:54:37 - policy_crawler - INFO - Database tables initialized successfully
2026-06-20 09:54:47 - policy_crawler - INFO - Database tables initialized successfully
2026-06-20 09:54:55 - policy_crawler - INFO - Database tables initialized successfully
2026-06-20 09:54:55 - policy_crawler - INFO - Performance: Search: 医疗救助 completed in 0.00s - 2 items, 5168.58 items/s
2026-06-20 09:55:04 - policy_crawler - INFO - Database tables initialized successfully
2026-06-20 09:55:05 - policy_crawler - INFO - Performance: Data export (excel) completed in 0.08s - 10 items, 119.86 items/s
2026-06-20 09:55:12 - policy_crawler - INFO - Database tables initialized successfully
2026-06-20 09:55:12 - policy_crawler - INFO - Database tables initialized successfully
2026-06-20 09:57:54 - policy_crawler - INFO - Database tables initialized successfully
2026-06-20 09:58:14 - policy_crawler - INFO - Database tables initialized successfully
2026-06-20 09:58:17 - policy_crawler - INFO - Loaded custom jieba dictionary from /Users/paul/WorkSpace/TestSoloCoder/e2975d73-1f46-43cf-bfde-d67e97fc3a99/data/custom_dict.txt
2026-06-20 09:58:17 - policy_crawler - INFO - Jieba initialized with policy keywords
2026-06-20 09:58:17 - policy_crawler - INFO - Classified: [伤残抚恤/法律] 关于印发《伤残抚恤管理办法》的通知... (confidence: 0.52)
2026-06-20 09:58:17 - policy_crawler - INFO - Classified: [优待抚恤/规范性文件] 关于调整部分优抚对象等人员抚恤和生活补助标准的通知... (confidence: 0.31)
2026-06-20 09:58:17 - policy_crawler - INFO - Classified: [医疗救助/法律] 优抚对象医疗保障实施细则... (confidence: 0.36)
2026-06-20 09:58:17 - policy_crawler - INFO - Classified: [就业扶持/规范性文件] 关于促进新时代退役军人就业创业工作的实施意见... (confidence: 0.48)
2026-06-20 09:58:17 - policy_crawler - INFO - Classified: [伤残抚恤/行政法规] 《军人抚恤优待条例》政策解读... (confidence: 0.36)
2026-06-20 09:58:17 - policy_crawler - INFO - Classified: [退役安置/行政法规] 退役士兵安置条例... (confidence: 0.38)
2026-06-20 09:58:17 - policy_crawler - INFO - Classified: [住房保障/法律] 优抚对象住房保障办法... (confidence: 0.37)
2026-06-20 09:58:17 - policy_crawler - INFO - Classified: [伤残抚恤/政策解读] 伤残抚恤优待办事指南... (confidence: 0.51)
2026-06-20 09:58:17 - policy_crawler - INFO - Classified: [褒扬纪念/规范性文件] 关于做好烈士纪念日纪念活动的通知... (confidence: 0.52)
2026-06-20 09:58:17 - policy_crawler - INFO - Classified: [帮扶援助/规范性文件] 关于做好困难退役军人帮扶援助工作的实施意见... (confidence: 0.38)
2026-06-20 10:18:24 - policy_crawler - INFO - Database tables initialized successfully
2026-06-20 10:18:24 - policy_crawler - INFO - Database tables initialized successfully
2026-06-20 10:18:24 - policy_crawler - INFO - Database re-initialized
2026-06-20 10:18:29 - policy_crawler - INFO - Loaded custom jieba dictionary from /Users/paul/WorkSpace/TestSoloCoder/e2975d73-1f46-43cf-bfde-d67e97fc3a99/data/custom_dict.txt
2026-06-20 10:18:29 - policy_crawler - INFO - Jieba initialized with policy keywords
2026-06-20 10:18:29 - policy_crawler - INFO - Classified: [伤残抚恤/法律] 关于印发《伤残抚恤管理办法》的通知... (confidence: 0.57)
2026-06-20 10:18:29 - policy_crawler - INFO - Loaded 14 policy titles for relation matching
2026-06-20 10:18:29 - policy_crawler - INFO - Found 4 references in: 关于做好困难退役军人帮扶援助工作的实施意见...
2026-06-20 10:18:29 - policy_crawler - INFO - Found 5 references in: 关于做好烈士纪念日纪念活动的通知...
2026-06-20 10:18:29 - policy_crawler - INFO - Found 5 references in: 伤残抚恤优待办事指南...
2026-06-20 10:18:29 - policy_crawler - INFO - Found 5 references in: 优抚对象住房保障办法...
2026-06-20 10:18:29 - policy_crawler - INFO - Found 7 references in: 退役士兵安置条例...
2026-06-20 10:18:29 - policy_crawler - INFO - Found 6 references in: 《军人抚恤优待条例》政策解读...
2026-06-20 10:18:29 - policy_crawler - INFO - Found 6 references in: 关于促进新时代退役军人就业创业工作的实施意见...
2026-06-20 10:18:29 - policy_crawler - INFO - Found 6 references in: 优抚对象医疗保障实施细则...
2026-06-20 10:18:29 - policy_crawler - INFO - Found 4 references in: 关于调整部分优抚对象等人员抚恤和生活补助标准的通知...
2026-06-20 10:18:29 - policy_crawler - INFO - Found 10 references in: 关于印发《伤残抚恤管理办法》的通知...
2026-06-20 10:18:30 - policy_crawler - INFO - Database tables initialized successfully
2026-06-20 10:18:30 - policy_crawler - INFO - Initialized new checkpoint
2026-06-20 10:18:40 - policy_crawler - INFO - Database tables initialized successfully
2026-06-20 10:18:40 - policy_crawler - INFO - Initialized new checkpoint
2026-06-20 10:18:52 - policy_crawler - INFO - Database tables initialized successfully
2026-06-20 10:18:52 - policy_crawler - INFO - Initialized new checkpoint
2026-06-20 10:19:03 - policy_crawler - INFO - Database tables initialized successfully
2026-06-20 10:19:04 - policy_crawler - INFO - Initialized new checkpoint
2026-06-20 10:19:49 - policy_crawler - INFO - Initialized new checkpoint
2026-06-20 10:19:49 - policy_crawler - INFO - Initialized new checkpoint
